// Jest Snapshot v1, https://goo.gl/fbAQLP

exports[`test filters filters render 1`] = `
<div>
  <div
    class="Filters"
  >
    <div
      class="Filters__sort"
    >
      <button
        class="Filters__sort__main"
      >
        Сортировать: 
        По алфавиту А-Я
        <svg
          class="Filters__sort__main__svg"
          fill="none"
          height="15"
          viewBox="0 0 17 15"
          width="17"
          xmlns="http://www.w3.org/2000/svg"
        >
          <path
            d="M8.42578 14.6609L0.346544 0.667265L16.505 0.667267L8.42578 14.6609Z"
            fill="white"
          />
        </svg>
      </button>
    </div>
    <div
      class="Filters__filtermenu Filters__filtermenu_sort "
    >
      <ul
        class="Filters__filtermenu__block__options"
      >
        <li
          class="Filters__filtermenu__block__options__li Filters__filtermenu__block__options__li_select"
          data-sort="name_asc"
        >
          По алфавиту А-Я
        </li>
        <li
          class="Filters__filtermenu__block__options__li "
          data-sort="name_desc"
        >
          По алфавиту Я-А
        </li>
        <li
          class="Filters__filtermenu__block__options__li "
          data-sort="rating_desc"
        >
          По рейтингу 5-0
        </li>
        <li
          class="Filters__filtermenu__block__options__li "
          data-sort="rating_asc"
        >
          По рейтингу 0-5
        </li>
      </ul>
    </div>
    <div
      class="Filters__filter"
    >
      <div
        class="Filters__filter__selected"
      />
      <button
        class="Filters__filter__main"
      >
        Фильтры
        <svg
          class="Filters__filter__main__svg"
          fill="none"
          height="21"
          viewBox="0 0 19 21"
          width="19"
          xmlns="http://www.w3.org/2000/svg"
        >
          <path
            d="M0.15625 1.30786C0.15625 1.11724 0.231975 0.93442 0.366767 0.799628C0.501559 0.664837 0.684376 0.589111 0.875 0.589111H18.125C18.3156 0.589111 18.4984 0.664837 18.6332 0.799628C18.768 0.93442 18.8438 1.11724 18.8438 1.30786V4.18286C18.8437 4.36012 18.7782 4.53111 18.6597 4.66299L12.375 11.6464V18.5579C12.3749 18.7087 12.3273 18.8556 12.2391 18.9779C12.1509 19.1001 12.0264 19.1916 11.8834 19.2392L7.57088 20.6767C7.46288 20.7127 7.34789 20.7225 7.23536 20.7053C7.12284 20.6882 7.016 20.6445 6.92364 20.578C6.83128 20.5115 6.75605 20.424 6.70413 20.3227C6.65221 20.2214 6.62509 20.1092 6.625 19.9954V11.6464L0.34025 4.66299C0.221812 4.53111 0.156282 4.36012 0.15625 4.18286V1.30786ZM1.59375 2.02661V3.90686L7.8785 10.8902C7.99694 11.0221 8.06247 11.1931 8.0625 11.3704V18.9977L10.9375 18.0404V11.3704C10.9375 11.1931 11.0031 11.0221 11.1215 10.8902L17.4062 3.90686V2.02661H1.59375Z"
            fill="white"
          />
        </svg>
      </button>
    </div>
    <div
      class="Filters__filtermenu "
    >
      <div
        class="Filters__filtermenu__block"
      >
        <div
          class="Filters__filtermenu__block__title"
        >
          Город:
        </div>
        <ul
          class="Filters__filtermenu__block__options"
        >
          <li
            class="Filters__filtermenu__block__options__li Filters__filtermenu__block__options__li_select"
            data-city="city1"
          >
            city1
          </li>
          <li
            class="Filters__filtermenu__block__options__li "
            data-city="city2"
          >
            city2
          </li>
          <li
            class="Filters__filtermenu__block__options__li "
            data-city="city3"
          >
            city3
          </li>
        </ul>
      </div>
      <div
        class="Filters__filtermenu__block"
      >
        <div
          class="Filters__filtermenu__block__title"
        >
          Избранное:
        </div>
        <ul
          class="Filters__filtermenu__block__options"
        >
          <li
            class="Filters__filtermenu__block__options__li "
            data-favs="true"
          >
            Только избранное
          </li>
          <li
            class="Filters__filtermenu__block__options__li "
            data-favs="false"
          >
            Все кроме избранного
          </li>
        </ul>
      </div>
      <div
        class="Filters__filtermenu__block"
      >
        <div
          class="Filters__filtermenu__block__title"
        >
          Рейтинг:
        </div>
        <div
          class="Filters__filtermenu__block__options Filters__filtermenu__block__options_rating"
        >
          <input
            class="Filters__filtermenu__block__options__input"
            role="ratinginput"
            type="number"
            value="1"
          />
          —
          <input
            class="Filters__filtermenu__block__options__input"
            role="ratinginput"
            type="number"
            value="2"
          />
          <button
            class="Filters__filtermenu__block__options__submit"
          >
            ОК
          </button>
        </div>
      </div>
    </div>
  </div>
</div>
`;
